files/186.csv
id,week,center_id,meal_id,checkout_price,base_price,emailer_for_promotion,homepage_featured,num_orders
1202595,1,186,1878,243.53,242.53,0,0,68
1498680,2,186,1878,242.53,241.53,0,0,40
1324254,3,186,1878,241.53,241.53,0,0,162
1168155,4,186,1878,241.53,242.53,0,0,122
1031683,5,186,1878,242.53,241.53,0,0,94
1307582,6,186,1878,242.53,242.53,0,0,68
1421051,7,186,1878,242.53,242.53,0,0,176
1176606,8,186,1878,241.53,242.53,0,0,69
1446405,9,186,1878,241.53,243.53,0,0,54
1401448,10,186,1878,241.53,242.53,0,0,96
1270397,11,186,1878,243.53,243.53,0,0,82
1130876,12,186,1878,241.53,243.53,0,0,163
1436211,13,186,1878,242.53,241.53,0,0,95
1051615,14,186,1878,243.53,243.53,0,0,135
1371450,15,186,1878,243.53,243.53,0,0,188
1122116,16,186,1878,243.53,241.53,0,0,136
1375075,17,186,1878,243.53,243.53,0,0,68
1097188,18,186,1878,241.53,242.53,0,0,82
1273732,19,186,1878,241.53,241.53,0,0,68
1155080,20,186,1878,243.53,241.53,0,0,121
1347745,21,186,1878,243.53,241.53,0,0,121
1034863,22,186,1878,282.33,280.33,0,0,136
1495961,23,186,1878,281.33,282.33,0,0,107
1021742,24,186,1878,280.33,280.33,0,0,42
1339512,25,186,1878,280.33,281.33,0,0,67
1435774,26,186,1878,281.33,280.33,0,0,81
1314311,27,186,1878,280.33,281.33,0,0,107
1061687,28,186,1878,280.33,282.33,0,0,96
1192571,29,186,1878,281.33,281.33,0,0,134
1337271,30,186,1878,280.33,281.33,0,0,135
1374016,31,186,1878,282.33,280.33,0,0,122
1225640,32,186,1878,280.33,282.33,0,0,108
1199392,33,186,1878,282.33,280.33,0,0,175
1376517,34,186,1878,282.33,281.33,0,0,96
1143809,35,186,1878,280.33,280.33,0,0,95
1307018,36,186,1878,282.33,282.33,0,0,109
1298069,37,186,1878,281.33,280.33,0,0,121
1228841,38,186,1878,280.33,280.33,0,0,55
1177681,39,186,1878,282.33,282.33,0,0,96
1246614,40,186,1878,281.33,280.33,0,0,175
1461136,41,186,1878,282.33,282.33,0,0,81
1252426,42,186,1878,282.33,282.33,0,0,81
1114488,43,186,1878,280.33,280.33,0,0,68
1150535,44,186,1878,282.33,282.33,0,0,122
1334420,45,186,1878,282.33,281.33,0,0,163
1155667,46,186,1878,282.33,281.33,0,0,123
1319047,47,186,1878,281.33,281.33,0,0,135
1096615,48,186,1878,280.33,281.33,0,0,96
1239130,49,186,1878,282.33,282.33,0,0,96
1480171,50,186,1878,281.33,282.33,0,0,108
1475950,51,186,1878,281.33,282.33,0,0,69
1297776,52,186,1878,281.33,282.33,0,0,121
1244515,53,186,1878,282.33,282.33,0,0,28
1119590,54,186,1878,280.33,282.33,0,0,68
1439933,55,186,1878,281.33,282.33,0,0,96
1452216,56,186,1878,280.33,280.33,0,0,69
1418642,57,186,1878,280.33,281.33,0,0,150
1430322,58,186,1878,281.33,280.33,0,0,109
1491620,59,186,1878,280.33,281.33,0,0,121
1469004,60,186,1878,280.33,282.33,0,0,148
1407913,61,186,1878,281.33,280.33,0,0,54
1073099,62,186,1878,281.33,281.33,0,0,28
1187415,63,186,1878,282.33,282.33,0,0,109
1023667,64,186,1878,281.33,281.33,0,0,136
1185423,65,186,1878,280.33,281.33,0,0,108
1169984,66,186,1878,282.33,282.33,0,0,80
1264123,67,186,1878,282.33,281.33,0,0,27
1378863,68,186,1878,281.33,280.33,0,0,81
1078900,69,186,1878,282.33,282.33,0,0,135
1341847,70,186,1878,281.33,281.33,0,0,162
1175271,71,186,1878,281.33,281.33,0,0,109
1075426,72,186,1878,281.33,282.33,0,0,53
1010875,73,186,1878,280.33,282.33,0,0,149
1190839,74,186,1878,281.33,280.33,0,0,96
1192253,75,186,1878,281.33,281.33,0,0,68
1287077,76,186,1878,280.33,280.33,0,0,68
1293432,77,186,1878,281.33,281.33,0,0,54
1042246,78,186,1878,282.33,282.33,0,0,108
1161478,79,186,1878,281.33,281.33,0,0,80
1207494,80,186,1878,282.33,282.33,0,0,95
1078894,81,186,1878,280.33,280.33,0,0,121
1036310,82,186,1878,281.33,280.33,0,0,108
1353158,83,186,1878,280.33,281.33,0,0,108
1458018,84,186,1878,280.33,281.33,0,0,134
1301487,85,186,1878,195.03,281.33,1,1,188
1014012,86,186,1878,193.03,282.33,1,1,216
1337574,87,186,1878,193.03,281.33,0,1,189
1287931,88,186,1878,281.33,282.33,0,0,95
1482590,89,186,1878,280.33,280.33,0,0,41
1308895,90,186,1878,280.33,282.33,0,0,135
1146346,91,186,1878,280.33,282.33,0,0,135
1168302,92,186,1878,282.33,280.33,0,0,82
1237531,93,186,1878,281.33,281.33,0,0,122
1072817,94,186,1878,280.33,280.33,0,0,96
1155245,95,186,1878,281.33,280.33,0,0,95
1453682,96,186,1878,282.33,280.33,0,0,94
1073297,97,186,1878,281.33,282.33,0,0,123
1252803,98,186,1878,280.33,281.33,0,0,107
1392875,99,186,1878,282.33,281.33,0,0,176
1121279,100,186,1878,282.33,280.33,0,0,109
1218715,101,186,1878,280.33,280.33,0,0,122
1497101,102,186,1878,282.33,281.33,0,0,135
1150134,103,186,1878,281.33,281.33,0,0,175
1457036,104,186,1878,281.33,280.33,0,0,135
1343597,105,186,1878,281.33,281.33,0,0,149
1005759,106,186,1878,280.33,280.33,0,0,108
1191257,107,186,1878,211.46,281.33,1,0,135
1344868,108,186,1878,212.46,282.33,1,0,188
1181180,109,186,1878,212.46,282.33,1,0,189
1443728,110,186,1878,213.46,282.33,0,0,82
1468624,111,186,1878,273.6,271.6,0,0,13
1012380,112,186,1878,280.33,282.33,0,0,55
1425944,113,186,1878,280.33,282.33,0,0,82
1371236,114,186,1878,281.33,282.33,0,0,80
1486815,115,186,1878,281.33,280.33,0,0,82
1376324,116,186,1878,280.33,281.33,0,0,135
1059639,117,186,1878,281.33,282.33,0,0,107
1489501,118,186,1878,280.33,282.33,0,0,107
1470947,119,186,1878,281.33,282.33,0,0,107
1436159,120,186,1878,282.33,282.33,0,0,41
1311280,121,186,1878,282.33,281.33,0,0,82
1025273,122,186,1878,282.33,282.33,0,0,175
1380627,123,186,1878,243.53,280.33,0,0,122
1169376,124,186,1878,241.53,281.33,0,0,148
1258502,125,186,1878,282.33,280.33,0,0,67
1386116,126,186,1878,282.33,280.33,0,0,55
1426743,127,186,1878,281.33,280.33,0,0,69
1210048,128,186,1878,282.33,282.33,0,0,80
1259032,129,186,1878,281.33,282.33,0,0,14
1266637,130,186,1878,282.33,280.33,0,0,28
1294793,131,186,1878,320.13,320.13,0,0,28
1337079,132,186,1878,320.13,320.13,0,0,27
1091975,133,186,1878,320.13,319.13,0,0,68
1442971,136,186,1878,320.13,319.13,0,0,68
1173331,137,186,1878,320.13,319.13,0,0,53
1337967,138,186,1878,321.13,320.13,0,0,14
1114262,139,186,1878,321.13,319.13,0,0,15
1364152,140,186,1878,321.13,321.13,0,0,28
1023930,141,186,1878,319.13,321.13,0,0,69
1360590,142,186,1878,320.13,321.13,0,0,15
1091189,143,186,1878,320.13,321.13,0,0,69
1097798,144,186,1878,320.13,320.13,0,0,41
1322064,145,186,1878,319.13,320.13,0,0,13
1485044,1,186,2306,243.5,311.37,0,0,41
1495716,3,186,2306,242.5,311.37,0,0,27
1325798,5,186,2306,244.5,311.37,1,0,42
1373338,6,186,2306,242.5,311.37,0,0,109
1133855,7,186,2306,243.5,313.37,0,0,15
1075396,8,186,2306,243.5,312.37,1,1,28
1341479,9,186,2306,243.5,312.37,0,1,41
1405142,11,186,2306,242.5,243.5,0,0,15
1040811,12,186,2306,230.89,244.5,1,0,121
1211360,14,186,2306,242.5,242.5,0,0,26
1003928,15,186,2306,243.5,243.5,0,0,53
1457555,16,186,2306,293,291,0,0,27
1441577,17,186,2306,338.53,338.53,0,0,42
1368021,18,186,2306,244.5,338.53,1,0,55
1050191,19,186,2306,242.5,340.53,0,0,55
1235147,20,186,2306,242.5,340.53,0,0,55
1499183,21,186,2306,242.5,339.53,0,0,14
1112831,23,186,2306,339.53,338.53,0,0,13
1287184,24,186,2306,308.52,306.52,0,0,40
1366074,25,186,2306,243.5,308.52,1,0,14
1059983,27,186,2306,243.5,306.52,0,0,28
1204124,31,186,2306,338.53,340.53,0,0,14
1471694,32,186,2306,339.53,340.53,0,0,28
1306966,33,186,2306,242.5,340.53,1,0,96
1056223,34,186,2306,243.5,339.53,0,1,40
1071945,35,186,2306,243.5,339.53,0,1,40
1047152,36,186,2306,243.5,340.53,0,0,13
1050302,37,186,2306,339.53,339.53,0,0,13
1345437,39,186,2306,242.5,339.53,1,0,27
1155671,40,186,2306,244.5,338.53,1,0,121
1408226,41,186,2306,244.5,338.53,0,0,28
1125408,42,186,2306,243.5,338.53,0,0,15
1428251,45,186,2306,338.53,340.53,0,0,14
1020109,46,186,2306,339.53,340.53,0,0,28
1483308,47,186,2306,339.53,338.53,0,0,69
1060486,48,186,2306,339.53,340.53,0,0,14
1046949,49,186,2306,339.53,339.53,0,0,42
1246272,50,186,2306,338.53,339.53,0,0,27
1488781,51,186,2306,340.53,340.53,0,0,40
1494358,52,186,2306,243.5,339.53,1,0,41
1125804,53,186,2306,242.5,340.53,1,0,28
1241933,54,186,2306,243.5,338.53,0,0,42
1147152,55,186,2306,244.5,338.53,0,0,55
1468935,56,186,2306,338.53,340.53,0,0,15
1141657,57,186,2306,358.93,359.93,0,0,14
1430070,60,186,2306,315.25,359.93,0,0,26
1407778,61,186,2306,317.25,357.93,0,0,13
1179732,63,186,2306,339.53,340.53,0,0,13
1126165,64,186,2306,338.53,340.53,0,0,14
1368484,65,186,2306,340.53,338.53,0,0,15
1475088,66,186,2306,244.5,339.53,1,0,15
1158615,67,186,2306,268.75,339.53,0,0,54
1347219,68,186,2306,242.5,339.53,0,0,28
1270178,69,186,2306,339.53,340.53,0,0,14
1320723,70,186,2306,217.28,338.53,1,0,55
1265831,71,186,2306,242.53,340.53,1,0,82
1145386,76,186,2306,339.53,338.53,0,0,15
1318974,81,186,2306,339.53,340.53,0,0,27
1059395,82,186,2306,339.53,339.53,0,0,14
1306699,83,186,2306,340.53,340.53,0,0,26
1057223,85,186,2306,244.5,340.53,0,1,53
1332820,86,186,2306,243.5,339.53,0,1,13
1428820,87,186,2306,244.5,339.53,0,1,28
1202937,88,186,2306,242.5,339.53,1,1,26
1047811,91,186,2306,338.53,340.53,0,0,14
1149226,92,186,2306,339.53,339.53,0,0,26
1366655,95,186,2306,339.53,340.53,0,0,13
1386968,97,186,2306,339.53,338.53,0,0,15
1007411,100,186,2306,340.53,338.53,0,0,14
1378104,101,186,2306,339.53,340.53,0,0,15
1064834,102,186,2306,340.53,339.53,0,0,15
1078321,103,186,2306,244.5,339.53,0,0,13
1465112,104,186,2306,244.5,338.53,1,0,81
1369666,105,186,2306,242.5,339.53,1,0,55
1437005,106,186,2306,244.5,340.53,0,0,28
1251543,107,186,2306,338.53,340.53,0,0,13
1268791,108,186,2306,339.53,340.53,0,0,15
1470115,109,186,2306,339.53,339.53,0,0,41
1011314,113,186,2306,243.5,339.53,1,1,41
1397877,116,186,2306,338.53,338.53,0,0,26
1268270,117,186,2306,339.53,338.53,0,0,26
1367094,122,186,2306,195.03,340.53,1,0,15
1071320,126,186,2306,335.62,335.62,0,0,14
1312692,128,186,2306,336.62,337.62,0,0,28
1298701,131,186,2306,336.62,335.62,0,0,14
1443240,135,186,2306,337.62,335.62,0,0,27
1394851,137,186,2306,337.62,337.62,0,0,14
1403850,138,186,2306,335.62,337.62,0,0,13
1093414,139,186,2306,242.5,337.62,0,0,15
1344707,140,186,2306,195,336.62,1,0,80
1372090,141,186,2306,244.5,335.62,0,0,14
1230017,144,186,2306,290.03,336.62,0,0,28
1081411,145,186,2306,242.53,335.62,1,0,13
1314436,1,186,1216,388.03,388.03,0,0,82
1347806,2,186,1216,389.03,388.03,0,0,94
1365293,3,186,1216,387.03,388.03,0,0,42
1348700,4,186,1216,417.13,418.13,0,0,123
1044832,5,186,1216,375.39,375.39,0,0,69
1052308,6,186,1216,417.13,417.13,0,0,27
1409801,7,186,1216,416.13,418.13,0,0,42
1054328,8,186,1216,339.5,416.13,1,1,55
1302994,9,186,1216,339.5,416.13,0,1,41
1212693,10,186,1216,340.5,418.13,0,0,28
1057991,11,186,1216,339.5,418.13,0,0,53
1116678,12,186,1216,417.13,416.13,0,0,27
1215807,13,186,1216,418.13,418.13,0,0,67
1196275,14,186,1216,417.13,416.13,0,0,27
1447110,15,186,1216,418.13,416.13,0,0,55
1410978,16,186,1216,416.13,418.13,0,0,69
1061759,17,186,1216,416.13,416.13,0,0,135
1048305,18,186,1216,418.13,417.13,0,0,55
1309367,19,186,1216,416.13,417.13,0,0,55
1298975,20,186,1216,418.13,417.13,0,0,69
1454452,21,186,1216,416.13,417.13,0,0,94
1370907,22,186,1216,328.83,418.13,1,1,55
1303725,23,186,1216,330.83,418.13,1,1,67
1254596,24,186,1216,293.94,418.13,1,1,54
1295751,25,186,1216,417.13,416.13,0,0,28
1074209,26,186,1216,417.13,417.13,0,1,26
1476888,27,186,1216,418.13,418.13,0,1,53
1326045,28,186,1216,416.13,418.13,0,0,53
1180467,29,186,1216,416.13,418.13,0,0,41
1468428,30,186,1216,417.13,416.13,0,0,40
1210260,31,186,1216,418.13,418.13,0,0,94
1150170,32,186,1216,417.13,417.13,0,0,27
1291754,33,186,1216,418.13,416.13,0,0,41
1186987,34,186,1216,417.13,416.13,0,0,14
1490182,35,186,1216,337.59,417.13,1,0,27
1492179,36,186,1216,337.59,417.13,1,0,55
1190708,37,186,1216,338.59,418.13,0,0,28
1208308,38,186,1216,336.59,417.13,0,0,40
1290671,39,186,1216,417.13,418.13,0,0,42
1250498,40,186,1216,418.13,416.13,0,0,26
1261110,41,186,1216,416.13,417.13,0,0,42
1465959,43,186,1216,427.83,426.83,0,0,27
1381299,44,186,1216,427.83,425.83,0,0,14
1418471,45,186,1216,427.83,425.83,0,0,14
1223298,46,186,1216,427.83,426.83,0,0,14
1335836,47,186,1216,426.83,427.83,0,0,26
1273613,48,186,1216,427.83,425.83,0,0,14
1106074,49,186,1216,425.83,426.83,0,0,28
1092764,50,186,1216,425.83,425.83,0,0,13
1086145,51,186,1216,425.83,426.83,0,0,123
1486348,52,186,1216,427.83,425.83,0,0,42
1315922,53,186,1216,425.83,427.83,0,0,14
1131929,54,186,1216,426.83,425.83,0,0,67
1168214,55,186,1216,479.21,478.21,0,0,68
1279858,56,186,1216,514.13,514.13,0,0,27
1183526,57,186,1216,515.13,513.13,0,0,13
1255815,58,186,1216,515.13,515.13,0,0,55
1421197,61,186,1216,513.13,515.13,0,0,14
1081812,64,186,1216,447.23,513.13,0,0,26
1325030,65,186,1216,445.23,515.13,0,0,54
1175943,69,186,1216,447.23,515.13,0,0,14
1147442,70,186,1216,445.23,515.13,0,0,40
1303741,71,186,1216,447.23,514.13,0,0,40
1212983,72,186,1216,418.13,513.13,0,0,27
1126167,73,186,1216,388.03,514.13,1,0,15
1387489,74,186,1216,388.03,515.13,1,0,27
1368882,75,186,1216,388.03,389.03,0,0,53
1081117,76,186,1216,387.03,388.03,0,0,26
1464961,77,186,1216,437.53,435.53,0,0,26
1432763,78,186,1216,437.53,436.53,0,0,13
1270434,80,186,1216,435.53,437.53,0,0,27
1343723,81,186,1216,437.53,437.53,0,0,40
1457430,82,186,1216,437.53,436.53,0,0,54
1208561,83,186,1216,437.53,436.53,0,0,13
1472250,84,186,1216,437.53,436.53,0,0,42
1363601,85,186,1216,435.53,436.53,0,0,55
1407374,86,186,1216,435.53,435.53,0,0,40
1145182,87,186,1216,436.53,436.53,0,0,55
1096684,88,186,1216,437.53,437.53,0,0,54
1350446,89,186,1216,437.53,436.53,0,0,28
1176146,90,186,1216,339.5,435.53,1,0,123
1355095,92,186,1216,365.75,435.53,0,0,55
1254747,93,186,1216,371.51,436.53,0,0,40
1043261,94,186,1216,339.5,437.53,0,0,13
1074205,95,186,1216,436.53,437.53,0,0,27
1175562,96,186,1216,437.53,437.53,0,0,27
1306395,97,186,1216,436.53,436.53,0,0,28
1292883,98,186,1216,291.03,435.53,1,0,53
1134843,99,186,1216,291.03,435.53,1,0,67
1180698,100,186,1216,290.03,437.53,0,0,28
1092347,101,186,1216,291.03,435.53,0,0,40
1443058,102,186,1216,405.52,404.52,0,0,13
1432015,103,186,1216,404.52,404.52,0,0,15
1245725,105,186,1216,405.52,405.52,0,0,15
1143261,106,186,1216,405.52,403.52,0,0,28
1245054,107,186,1216,405.52,405.52,0,0,41
1092130,108,186,1216,340.5,404.52,0,0,67
1123673,109,186,1216,341.5,405.52,0,0,42
1074696,110,186,1216,340.5,404.52,0,0,28
1486772,111,186,1216,340.5,405.52,0,0,41
1080548,112,186,1216,404.52,404.52,0,0,26
1142448,113,186,1216,405.52,405.52,0,0,27
1307869,114,186,1216,407.4,407.4,0,0,42
1446453,115,186,1216,417.13,417.13,0,0,80
1322483,116,186,1216,416.13,417.13,0,0,42
1479436,117,186,1216,418.13,417.13,0,0,14
1231009,118,186,1216,418.13,418.13,0,0,41
1188911,120,186,1216,416.13,418.13,0,0,82
1201864,121,186,1216,416.13,416.13,0,0,27
1208040,122,186,1216,416.13,416.13,0,0,55
1328182,124,186,1216,417.13,417.13,0,0,96
1349315,125,186,1216,340.53,418.13,0,0,28
1215398,126,186,1216,338.53,418.13,0,0,41
1431463,127,186,1216,339.53,417.13,0,0,95
1404011,128,186,1216,338.53,416.13,0,0,68
1306587,129,186,1216,418.13,417.13,0,0,42
1056585,131,186,1216,417.13,416.13,0,0,68
1325320,132,186,1216,418.13,418.13,0,0,28
1076198,133,186,1216,417.13,418.13,0,0,67
1335171,134,186,1216,417.13,418.13,0,0,26
1146053,135,186,1216,418.13,418.13,0,0,41
1059472,136,186,1216,416.13,418.13,0,0,27
1000348,137,186,1216,418.13,416.13,0,0,82
1054859,139,186,1216,273.54,416.13,0,0,81
1388161,140,186,1216,207.64,418.13,0,0,108
1194746,141,186,1216,417.13,417.13,0,0,53
1351069,143,186,1216,290.03,416.13,1,1,108
1401075,144,186,1216,290.03,417.13,0,1,189
1284534,145,186,1216,417.13,416.13,0,0,42
